// Jest Snapshot v1, https://goo.gl/fbAQLP

exports[`renders null 1`] = `
<View
  style={
    Array [
      Object {
        "backgroundColor": "#e3e7ed",
        "height": 0.5,
      },
      undefined,
    ]
  }
/>
`;
